---
Hash (message='test_hash_empty'):
  size: 0
  default: 
  default_proc: 
