---
Hash (message='test_depth_prune'):
  size: 1
  default: 
  default_proc: 
  Pair 0:
    Key:
      Symbol:
        to_s: a
        size: 1
        encoding: !ruby/encoding US-ASCII
    Value:
      Hash:
        size: 1
        default: 
        default_proc: 
        Pair 0:
          Key:
            Symbol:
              to_s: b
              size: 1
              encoding: !ruby/encoding US-ASCII
          Value:
            Hash:
              size: 1
              default: 
              default_proc: 
              Pair 0:
                Key: Symbol :c
                Value: Hash {:d=>"not ok"}
