---
Hash (message='test_depth_default'):
  Hash#size: 1
  Hash#default: 
  Hash#default_proc: 
  Pair 0:
    Key:
      Symbol:
        Symbol#to_s: a
        Symbol#size: 1
        Symbol#encoding: !ruby/encoding US-ASCII
    Value:
      Hash:
        Hash#size: 1
        Hash#default: 
        Hash#default_proc: 
        Pair 0:
          Key:
            Symbol:
              Symbol#to_s: b
              Symbol#size: 1
              Symbol#encoding: !ruby/encoding US-ASCII
          Value:
            Hash:
              Hash#size: 1
              Hash#default: 
              Hash#default_proc: 
              Pair 0:
                Key: Symbol :c
                Value: String "ok"
