---
DebugHelperTest::MyStruct (size=3 message='test_struct_circular'):
  size: 3
  Member 0:
    Name:
      Symbol:
        to_s: foo
        size: 3
        encoding: !ruby/encoding US-ASCII
    Value:
      DebugHelperTest::MyStruct (size=3):
        size: 3
        Member 0:
          Name:
            Symbol:
              to_s: foo
              size: 3
              encoding: !ruby/encoding US-ASCII
          Value: Fixnum 0
        Member 1:
          Name:
            Symbol:
              to_s: bar
              size: 3
              encoding: !ruby/encoding US-ASCII
          Value: 'DebugHelperTest::MyStruct #<struct DebugHelperTest::MyStruct foo=#<struct
            DebugHelperTest::MyStruct foo=0, bar=#<struct DebugHelperTest::MyStruct:...>,
            baz=2>, bar=1, baz=2>'
        Member 2:
          Name:
            Symbol:
              to_s: baz
              size: 3
              encoding: !ruby/encoding US-ASCII
          Value: Fixnum 2
  Member 1:
    Name:
      Symbol:
        to_s: bar
        size: 3
        encoding: !ruby/encoding US-ASCII
    Value: Fixnum 1
  Member 2:
    Name:
      Symbol:
        to_s: baz
        size: 3
        encoding: !ruby/encoding US-ASCII
    Value: Fixnum 2
