---
Hash (message='test_hash_self_referencing_value'):
  size: 1
  default: 
  default_proc: 
  Pair 0:
    Key:
      Symbol:
        to_s: a
        size: 1
        encoding: !ruby/encoding US-ASCII
    Value: Hash {:a=>{...}}
