---
Set (size=1 message='test_set_self_referencing'):
  Element 0: 'Set #<Set: {#<Set: {...}>}>'
