---
Set (size=6 message='test_set_mixed_values'):
  Element 0: Fixnum 14
  Element 1:
    String (size=3):
      to_s: foo
      encoding: !ruby/encoding UTF-8
      ascii_only?: true
      bytesize: 3
  Element 2:
    Array (size=2):
      Element 0: Fixnum 0
      Element 1: Fixnum 1
  Element 3:
    Hash (size=2):
      Pair 0:
        Key:
          Symbol (size=1):
            to_s: a
            encoding: !ruby/encoding US-ASCII
        Value: Fixnum 1
      Pair 1:
        Key:
          Symbol (size=1):
            to_s: b
            encoding: !ruby/encoding US-ASCII
        Value: Fixnum 1
  Element 4: TrueClass true
  Element 5: NilClass nil
