---
DebugHelperTest::RangeSub (message='test_range_sub'):
  DebugHelperTest::RangeSub#first: 0
  DebugHelperTest::RangeSub#last: 4
  DebugHelperTest::RangeSub#exclude_end?: false
