---
DebugHelperTest::HashSub (message='test_hash_sub'):
  DebugHelperTest::HashSub#size: 2
  DebugHelperTest::HashSub#default: 
  DebugHelperTest::HashSub#default_proc: 
  Pair 0:
    Key:
      Symbol:
        Symbol#to_s: a
        Symbol#size: 1
        Symbol#encoding: !ruby/encoding US-ASCII
    Value: Fixnum 0
  Pair 1:
    Key:
      Symbol:
        Symbol#to_s: b
        Symbol#size: 1
        Symbol#encoding: !ruby/encoding US-ASCII
    Value: Fixnum 1
