---
Hash (message='test_hash_circular_key'):
  size: 2
  default: 
  default_proc: 
  Pair 0:
    Key:
      Hash:
        size: 0
        default: 
        default_proc: 
    Value: Fixnum 0
  Pair 1:
    Key: Hash {{}=>0, {...}=>0}
    Value: Fixnum 0
