---
Range (message='test_range_include_end'):
  Range#first: 0
  Range#last: 4
  Range#exclude_end?: false
