---
OpenStruct (message='test_ostruct_self_referencing'):
  size: 
  Member 0:
    Name:
      Symbol:
        to_s: a
        size: 1
        encoding: !ruby/encoding US-ASCII
    Value: 'OpenStruct #<OpenStruct a=#<OpenStruct ...>>'
