---
OpenStruct (message='test_ostruct_circular'):
  Member 0:
    Name:
      Symbol:
        Symbol#to_s: a
        Symbol#size: 1
        Symbol#encoding: !ruby/encoding US-ASCII
    Value:
      OpenStruct:
        Member 0:
          Name:
            Symbol:
              Symbol#to_s: a
              Symbol#size: 1
              Symbol#encoding: !ruby/encoding US-ASCII
          Value: 'OpenStruct #<OpenStruct a=#<OpenStruct a=#<OpenStruct ...>>>'
