---
Array (size=1 message='test_array_self_referencing'):
  Element 0: Array [[...]]
