---
Array (message='test_array_circular'):
  size: 1
  Element 0:
    Array:
      size: 1
      Element 0: Array [[[...]]]
