---
DebugHelperTest::ArraySub (message='test_array_sub'):
  size: 3
  Element 0: Fixnum 0
  Element 1: Fixnum 1
  Element 2: Fixnum 2
