---
Set (message='test_set' size=2):
  Element 0: Fixnum 14
  Element 1: Fixnum 22
