---
IO (message='test_io'):
  IO#autoclose?: true
  IO#binmode?: false
  IO#closed?: false
  IO#tty?: false
