---
Hash (message='test_hash_mixed_values'):
  Hash#size: 3
  Hash#default: 
  Hash#default_proc: 
  Pair 0:
    Key:
      Symbol:
        Symbol#to_s: a
        Symbol#size: 1
        Symbol#encoding: !ruby/encoding US-ASCII
    Value: Integer 0
  Pair 1:
    Key:
      Symbol:
        Symbol#to_s: b
        Symbol#size: 1
        Symbol#encoding: !ruby/encoding US-ASCII
    Value:
      String:
        String#to_s: '0'
        String#size: 1
        String#encoding: !ruby/encoding UTF-8
        String#ascii_only?: true
        String#bytesize: 1
  Pair 2:
    Key:
      Symbol:
        Symbol#to_s: c
        Symbol#size: 1
        Symbol#encoding: !ruby/encoding US-ASCII
    Value: NilClass nil
