---
DebugHelperTest::OpenStructSub (message='test_ostruct_sub'):
  Member 0:
    Name:
      Symbol:
        Symbol#to_s: a
        Symbol#size: 1
        Symbol#encoding: !ruby/encoding US-ASCII
    Value: Integer 0
  Member 1:
    Name:
      Symbol:
        Symbol#to_s: b
        Symbol#size: 1
        Symbol#encoding: !ruby/encoding US-ASCII
    Value: Integer 1
  Member 2:
    Name:
      Symbol:
        Symbol#to_s: c
        Symbol#size: 1
        Symbol#encoding: !ruby/encoding US-ASCII
    Value: Integer 2
