---
DebugHelperTest::SetSub (message='test_set_sub'):
  DebugHelperTest::SetSub#size: 2
  Element 0: Integer 14
  Element 1: Integer 22
