---
Symbol (message='test_symbol' size=11 encoding=US-ASCII): :lorem_ipsum
