---
DebugHelperTest::MyClass (name='test_my_object'):
  Member 0:
    Method: foo
    Value: Fixnum 0
  Member 1:
    Method: bar
    Value: Fixnum 1
  Member 2:
    Method: baz
    Value: Fixnum 2
