---
Set (message='test_set_empty'):
  Set#size: 0
