---
File (message='test_file_closed'):
  size: 21
