---
String (message='test_string_iso_8859'):
  String#to_s: Lorem ipsum
  String#size: 11
  String#encoding: !ruby/encoding ISO-8859-1
  String#ascii_only?: true
  String#bytesize: 11
