---
DebugHelperTest::DirSub (message='test_dir_sub'):
  DebugHelperTest::DirSub#path: git_dir/test
  DebugHelperTest::DirSub.entries("git_dir/test"):
  - "."
  - ".."
  - debug_helper_test.rb
  - show
  - show_hash
  - test_helper.rb
  DebugHelperTest::DirSub.exist?("git_dir/test"): true
