---
DebugHelperTest::StringSub (message='test_string_sub'):
  DebugHelperTest::StringSub#to_s: Lorem ipsum
  DebugHelperTest::StringSub#size: 11
  DebugHelperTest::StringSub#encoding: !ruby/encoding UTF-8
  DebugHelperTest::StringSub#ascii_only?: true
  DebugHelperTest::StringSub#bytesize: 11
