---
Regexp (message='test_regexp'):
  Regexp#to_s: "(?-mix:(?<a>.)(?<b>.))"
  Regexp#casefold?: false
  Regexp#named_captures:
    a:
    - 1
    b:
    - 2
  Regexp#encoding: !ruby/encoding US-ASCII
  Regexp#fixed_encoding?: false
